// Jest Snapshot v1, https://goo.gl/fbAQLP

exports[`KiwiStack 1`] = `
{
  "Outputs": {
    "GitHubWebHookGatewayEndpoint00E67457": {
      "Value": {
        "Fn::Join": [
          "",
          [
            "https://",
            {
              "Ref": "GitHubWebHookGatewayE386C728",
            },
            ".execute-api.",
            {
              "Ref": "AWS::Region",
            },
            ".",
            {
              "Ref": "AWS::URLSuffix",
            },
            "/",
            {
              "Ref": "GitHubWebHookGatewayDeploymentStageprod72850D66",
            },
            "/",
          ],
        ],
      },
    },
    "GitHubWebHookTokenSecretName": {
      "Value": {
        "Fn::Join": [
          "-",
          [
            {
              "Fn::Select": [
                0,
                {
                  "Fn::Split": [
                    "-",
                    {
                      "Fn::Select": [
                        6,
                        {
                          "Fn::Split": [
                            ":",
                            {
                              "Ref": "GitHubWebhookToken28DB5DDC",
                            },
                          ],
                        },
                      ],
                    },
                  ],
                },
              ],
            },
            {
              "Fn::Select": [
                1,
                {
                  "Fn::Split": [
                    "-",
                    {
                      "Fn::Select": [
                        6,
                        {
                          "Fn::Split": [
                            ":",
                            {
                              "Ref": "GitHubWebhookToken28DB5DDC",
                            },
                          ],
                        },
                      ],
                    },
                  ],
                },
              ],
            },
            {
              "Fn::Select": [
                2,
                {
                  "Fn::Split": [
                    "-",
                    {
                      "Fn::Select": [
                        6,
                        {
                          "Fn::Split": [
                            ":",
                            {
                              "Ref": "GitHubWebhookToken28DB5DDC",
                            },
                          ],
                        },
                      ],
                    },
                  ],
                },
              ],
            },
          ],
        ],
      },
    },
    "GitHubWebHookUrl": {
      "Value": {
        "Fn::Join": [
          "",
          [
            "https://",
            {
              "Ref": "GitHubWebHookGatewayE386C728",
            },
            ".execute-api.",
            {
              "Ref": "AWS::Region",
            },
            ".",
            {
              "Ref": "AWS::URLSuffix",
            },
            "/",
            {
              "Ref": "GitHubWebHookGatewayDeploymentStageprod72850D66",
            },
            "/webhook",
          ],
        ],
      },
    },
  },
  "Parameters": {
    "BootstrapVersion": {
      "Default": "/cdk-bootstrap/hnb659fds/version",
      "Description": "Version of the CDK Bootstrap resources in this environment, automatically retrieved from SSM Parameter Store. [cdk:skip]",
      "Type": "AWS::SSM::Parameter::Value<String>",
    },
  },
  "Resources": {
    "GitHubWebHookGatewayAccountCD61B8C2": {
      "DeletionPolicy": "Retain",
      "DependsOn": [
        "GitHubWebHookGatewayE386C728",
      ],
      "Properties": {
        "CloudWatchRoleArn": {
          "Fn::GetAtt": [
            "GitHubWebHookGatewayCloudWatchRole6F8CA223",
            "Arn",
          ],
        },
      },
      "Type": "AWS::ApiGateway::Account",
      "UpdateReplacePolicy": "Retain",
    },
    "GitHubWebHookGatewayCloudWatchRole6F8CA223": {
      "DeletionPolicy": "Retain",
      "Properties": {
        "AssumeRolePolicyDocument": {
          "Statement": [
            {
              "Action": "sts:AssumeRole",
              "Effect": "Allow",
              "Principal": {
                "Service": "apigateway.amazonaws.com",
              },
            },
          ],
          "Version": "2012-10-17",
        },
        "ManagedPolicyArns": [
          {
            "Fn::Join": [
              "",
              [
                "arn:",
                {
                  "Ref": "AWS::Partition",
                },
                ":iam::aws:policy/service-role/AmazonAPIGatewayPushToCloudWatchLogs",
              ],
            ],
          },
        ],
      },
      "Type": "AWS::IAM::Role",
      "UpdateReplacePolicy": "Retain",
    },
    "GitHubWebHookGatewayDeployment8E359CEA7e6a9bf5f12bf08545bd56a87766ed61": {
      "DependsOn": [
        "GitHubWebHookGatewaywebhookPOST2A9A63F0",
        "GitHubWebHookGatewaywebhookEE9B04B6",
      ],
      "Properties": {
        "Description": "Automatically created by the RestApi construct",
        "RestApiId": {
          "Ref": "GitHubWebHookGatewayE386C728",
        },
      },
      "Type": "AWS::ApiGateway::Deployment",
    },
    "GitHubWebHookGatewayDeploymentStageprod72850D66": {
      "DependsOn": [
        "GitHubWebHookGatewayAccountCD61B8C2",
      ],
      "Properties": {
        "DeploymentId": {
          "Ref": "GitHubWebHookGatewayDeployment8E359CEA7e6a9bf5f12bf08545bd56a87766ed61",
        },
        "RestApiId": {
          "Ref": "GitHubWebHookGatewayE386C728",
        },
        "StageName": "prod",
      },
      "Type": "AWS::ApiGateway::Stage",
    },
    "GitHubWebHookGatewayE386C728": {
      "Properties": {
        "Name": "GitHubWebHookGateway",
      },
      "Type": "AWS::ApiGateway::RestApi",
    },
    "GitHubWebHookGatewaywebhookEE9B04B6": {
      "Properties": {
        "ParentId": {
          "Fn::GetAtt": [
            "GitHubWebHookGatewayE386C728",
            "RootResourceId",
          ],
        },
        "PathPart": "webhook",
        "RestApiId": {
          "Ref": "GitHubWebHookGatewayE386C728",
        },
      },
      "Type": "AWS::ApiGateway::Resource",
    },
    "GitHubWebHookGatewaywebhookPOST2A9A63F0": {
      "Properties": {
        "AuthorizationType": "NONE",
        "HttpMethod": "POST",
        "Integration": {
          "IntegrationHttpMethod": "POST",
          "Type": "AWS_PROXY",
          "Uri": {
            "Fn::Join": [
              "",
              [
                "arn:",
                {
                  "Ref": "AWS::Partition",
                },
                ":apigateway:",
                {
                  "Ref": "AWS::Region",
                },
                ":lambda:path/2015-03-31/functions/",
                {
                  "Fn::GetAtt": [
                    "GitHubWebHookLambdaF8633D2F",
                    "Arn",
                  ],
                },
                "/invocations",
              ],
            ],
          },
        },
        "ResourceId": {
          "Ref": "GitHubWebHookGatewaywebhookEE9B04B6",
        },
        "RestApiId": {
          "Ref": "GitHubWebHookGatewayE386C728",
        },
      },
      "Type": "AWS::ApiGateway::Method",
    },
    "GitHubWebHookGatewaywebhookPOSTApiPermissionTestGitHubWebHookGatewayCCCB0D86POSTwebhook3BF08365": {
      "Properties": {
        "Action": "lambda:InvokeFunction",
        "FunctionName": {
          "Fn::GetAtt": [
            "GitHubWebHookLambdaF8633D2F",
            "Arn",
          ],
        },
        "Principal": "apigateway.amazonaws.com",
        "SourceArn": {
          "Fn::Join": [
            "",
            [
              "arn:",
              {
                "Ref": "AWS::Partition",
              },
              ":execute-api:",
              {
                "Ref": "AWS::Region",
              },
              ":",
              {
                "Ref": "AWS::AccountId",
              },
              ":",
              {
                "Ref": "GitHubWebHookGatewayE386C728",
              },
              "/",
              {
                "Ref": "GitHubWebHookGatewayDeploymentStageprod72850D66",
              },
              "/POST/webhook",
            ],
          ],
        },
      },
      "Type": "AWS::Lambda::Permission",
    },
    "GitHubWebHookGatewaywebhookPOSTApiPermissionTestTestGitHubWebHookGatewayCCCB0D86POSTwebhook08B284C0": {
      "Properties": {
        "Action": "lambda:InvokeFunction",
        "FunctionName": {
          "Fn::GetAtt": [
            "GitHubWebHookLambdaF8633D2F",
            "Arn",
          ],
        },
        "Principal": "apigateway.amazonaws.com",
        "SourceArn": {
          "Fn::Join": [
            "",
            [
              "arn:",
              {
                "Ref": "AWS::Partition",
              },
              ":execute-api:",
              {
                "Ref": "AWS::Region",
              },
              ":",
              {
                "Ref": "AWS::AccountId",
              },
              ":",
              {
                "Ref": "GitHubWebHookGatewayE386C728",
              },
              "/test-invoke-stage/POST/webhook",
            ],
          ],
        },
      },
      "Type": "AWS::Lambda::Permission",
    },
    "GitHubWebHookLambdaF8633D2F": {
      "DependsOn": [
        "GitHubWebHookLambdaServiceRoleDefaultPolicy645B84D9",
        "GitHubWebHookLambdaServiceRole16EDFBEC",
      ],
      "Properties": {
        "Code": {
          "S3Bucket": {
            "Fn::Sub": "cdk-hnb659fds-assets-\${AWS::AccountId}-\${AWS::Region}",
          },
          "S3Key": "4ca75e17a00ab8032f3cc87974c9b258a2eda6fb26470b096fd3ecf296daa331.zip",
        },
        "Environment": {
          "Variables": {
            "GITHUB_WEBHOOK_TOKEN_SECRET_NAME": {
              "Fn::Join": [
                "-",
                [
                  {
                    "Fn::Select": [
                      0,
                      {
                        "Fn::Split": [
                          "-",
                          {
                            "Fn::Select": [
                              6,
                              {
                                "Fn::Split": [
                                  ":",
                                  {
                                    "Ref": "GitHubWebhookToken28DB5DDC",
                                  },
                                ],
                              },
                            ],
                          },
                        ],
                      },
                    ],
                  },
                  {
                    "Fn::Select": [
                      1,
                      {
                        "Fn::Split": [
                          "-",
                          {
                            "Fn::Select": [
                              6,
                              {
                                "Fn::Split": [
                                  ":",
                                  {
                                    "Ref": "GitHubWebhookToken28DB5DDC",
                                  },
                                ],
                              },
                            ],
                          },
                        ],
                      },
                    ],
                  },
                  {
                    "Fn::Select": [
                      2,
                      {
                        "Fn::Split": [
                          "-",
                          {
                            "Fn::Select": [
                              6,
                              {
                                "Fn::Split": [
                                  ":",
                                  {
                                    "Ref": "GitHubWebhookToken28DB5DDC",
                                  },
                                ],
                              },
                            ],
                          },
                        ],
                      },
                    ],
                  },
                ],
              ],
            },
          },
        },
        "FunctionName": "Test-webhook-lambda",
        "Handler": "index.handler",
        "Role": {
          "Fn::GetAtt": [
            "GitHubWebHookLambdaServiceRole16EDFBEC",
            "Arn",
          ],
        },
        "Runtime": "nodejs20.x",
        "Timeout": 10,
      },
      "Type": "AWS::Lambda::Function",
    },
    "GitHubWebHookLambdaServiceRole16EDFBEC": {
      "Properties": {
        "AssumeRolePolicyDocument": {
          "Statement": [
            {
              "Action": "sts:AssumeRole",
              "Effect": "Allow",
              "Principal": {
                "Service": "lambda.amazonaws.com",
              },
            },
          ],
          "Version": "2012-10-17",
        },
        "ManagedPolicyArns": [
          {
            "Fn::Join": [
              "",
              [
                "arn:",
                {
                  "Ref": "AWS::Partition",
                },
                ":iam::aws:policy/service-role/AWSLambdaBasicExecutionRole",
              ],
            ],
          },
        ],
      },
      "Type": "AWS::IAM::Role",
    },
    "GitHubWebHookLambdaServiceRoleDefaultPolicy645B84D9": {
      "Properties": {
        "PolicyDocument": {
          "Statement": [
            {
              "Action": [
                "secretsmanager:GetSecretValue",
                "secretsmanager:DescribeSecret",
              ],
              "Effect": "Allow",
              "Resource": {
                "Ref": "GitHubWebhookToken28DB5DDC",
              },
            },
            {
              "Action": [
                "secretsmanager:GetSecretValue",
                "secretsmanager:DescribeSecret",
              ],
              "Effect": "Allow",
              "Resource": {
                "Fn::Join": [
                  "",
                  [
                    "arn:",
                    {
                      "Ref": "AWS::Partition",
                    },
                    ":secretsmanager:",
                    {
                      "Ref": "AWS::Region",
                    },
                    ":",
                    {
                      "Ref": "AWS::AccountId",
                    },
                    ":secret:github-app/app-id-??????",
                  ],
                ],
              },
            },
            {
              "Action": [
                "secretsmanager:GetSecretValue",
                "secretsmanager:DescribeSecret",
              ],
              "Effect": "Allow",
              "Resource": {
                "Fn::Join": [
                  "",
                  [
                    "arn:",
                    {
                      "Ref": "AWS::Partition",
                    },
                    ":secretsmanager:",
                    {
                      "Ref": "AWS::Region",
                    },
                    ":",
                    {
                      "Ref": "AWS::AccountId",
                    },
                    ":secret:github-app/installation-id-??????",
                  ],
                ],
              },
            },
            {
              "Action": [
                "secretsmanager:GetSecretValue",
                "secretsmanager:DescribeSecret",
              ],
              "Effect": "Allow",
              "Resource": {
                "Fn::Join": [
                  "",
                  [
                    "arn:",
                    {
                      "Ref": "AWS::Partition",
                    },
                    ":secretsmanager:",
                    {
                      "Ref": "AWS::Region",
                    },
                    ":",
                    {
                      "Ref": "AWS::AccountId",
                    },
                    ":secret:github-app/private-key-??????",
                  ],
                ],
              },
            },
          ],
          "Version": "2012-10-17",
        },
        "PolicyName": "GitHubWebHookLambdaServiceRoleDefaultPolicy645B84D9",
        "Roles": [
          {
            "Ref": "GitHubWebHookLambdaServiceRole16EDFBEC",
          },
        ],
      },
      "Type": "AWS::IAM::Policy",
    },
    "GitHubWebhookToken28DB5DDC": {
      "DeletionPolicy": "Delete",
      "Properties": {
        "GenerateSecretString": {},
        "Name": "Test-webhook-token",
      },
      "Type": "AWS::SecretsManager::Secret",
      "UpdateReplacePolicy": "Delete",
    },
  },
  "Rules": {
    "CheckBootstrapVersion": {
      "Assertions": [
        {
          "Assert": {
            "Fn::Not": [
              {
                "Fn::Contains": [
                  [
                    "1",
                    "2",
                    "3",
                    "4",
                    "5",
                  ],
                  {
                    "Ref": "BootstrapVersion",
                  },
                ],
              },
            ],
          },
          "AssertDescription": "CDK bootstrap stack version 6 required. Please run 'cdk bootstrap' with a recent version of the CDK CLI.",
        },
      ],
    },
  },
}
`;
